{"job_id": "job_aa54440a4d1448e594b83bb08f253a9a", "status": "RUNNING", "events": 0}
{"job_id": "job_aa54440a4d1448e594b83bb08f253a9a", "status": "RUNNING", "events": 1}
{"job_id": "job_aa54440a4d1448e594b83bb08f253a9a", "status": "COMPLETED", "events": 2}
{"job_id": "job_12d2a82f3ad64d5284e248d232802811", "status": "RUNNING", "events": 0}
{"job_id": "job_12d2a82f3ad64d5284e248d232802811", "status": "RUNNING", "events": 1}
{"job_id": "job_12d2a82f3ad64d5284e248d232802811", "status": "RUNNING", "events": 3}
{"job_id": "job_12d2a82f3ad64d5284e248d232802811", "status": "RUNNING", "events": 6}
{"job_id": "job_12d2a82f3ad64d5284e248d232802811", "status": "RUNNING", "events": 8}
{"job_id": "job_12d2a82f3ad64d5284e248d232802811", "status": "RUNNING", "events": 11}
{"job_id": "job_12d2a82f3ad64d5284e248d232802811", "status": "RUNNING", "events": 14}
{"job_id": "job_12d2a82f3ad64d5284e248d232802811", "status": "RUNNING", "events": 16}
{"job_id": "job_12d2a82f3ad64d5284e248d232802811", "status": "RUNNING", "events": 18}
{"job_id": "job_12d2a82f3ad64d5284e248d232802811", "status": "RUNNING", "events": 21}
{"job_id": "job_12d2a82f3ad64d5284e248d232802811", "status": "RUNNING", "events": 22}
{"job_id": "job_12d2a82f3ad64d5284e248d232802811", "status": "RUNNING", "events": 24}
{"job_id": "job_12d2a82f3ad64d5284e248d232802811", "status": "COMPLETED", "events": 27}
{
  "operations": [
    {
      "id": "op_da6cd313fd7951e26d2c",
      "version": 3,
      "name": "save_record",
      "argument_schema": {
        "additionalProperties": false,
        "properties": {
          "value": {
            "description": "Visible editor value",
            "minLength": 1,
            "type": "string"
          }
        },
        "required": [
          "value"
        ],
        "type": "object"
      }
    }
  ]
}
{"execution_id": "job_79806e94f2b74e12ba178cfebfbab33b", "idempotency_key": "two-app-memos-v3"}
{"job_id": "job_79806e94f2b74e12ba178cfebfbab33b", "status": "RUNNING", "events": 0}
{"job_id": "job_79806e94f2b74e12ba178cfebfbab33b", "status": "RUNNING", "events": 1}
{"job_id": "job_79806e94f2b74e12ba178cfebfbab33b", "status": "RUNNING", "events": 3}
{"job_id": "job_79806e94f2b74e12ba178cfebfbab33b", "status": "RUNNING", "events": 5}
{"job_id": "job_79806e94f2b74e12ba178cfebfbab33b", "status": "RUNNING", "events": 7}
{"job_id": "job_79806e94f2b74e12ba178cfebfbab33b", "status": "RUNNING", "events": 10}
{"job_id": "job_79806e94f2b74e12ba178cfebfbab33b", "status": "RUNNING", "events": 13}
{"job_id": "job_79806e94f2b74e12ba178cfebfbab33b", "status": "COMPLETED", "events": 15}
{
  "connection_id": "conn_0e51f4498eb547f6ac639acc96f8bab1",
  "created_at": "2026-09-09T16:52:23.119469+00:00",
  "events": [
    {
      "created_at": "2026-09-09T16:52:23.122884+00:00",
      "kind": "invoke",
      "sequence": 1,
      "type": "job_started"
    },
    {
      "created_at": "2026-09-09T16:52:23.444758+00:00",
      "sequence": 2,
      "settled": true,
      "signature": "6d516344a0a96819",
      "type": "observation"
    },
    {
      "created_at": "2026-09-09T16:52:23.459582+00:00",
      "sequence": 3,
      "type": "navigation",
      "url": "http://127.0.0.1:8852/"
    },
    {
      "created_at": "2026-09-09T16:52:24.277700+00:00",
      "sequence": 4,
      "settled": true,
      "signature": "6d516344a0a96819",
      "type": "observation"
    },
    {
      "created_at": "2026-09-09T16:52:24.292081+00:00",
      "sequence": 5,
      "type": "navigation",
      "url": "http://127.0.0.1:8852/"
    },
    {
      "created_at": "2026-09-09T16:52:25.308294+00:00",
      "sequence": 6,
      "settled": true,
      "signature": "6d516344a0a96819",
      "type": "observation"
    },
    {
      "action": {
        "kind": "type",
        "target": 140,
        "text": "Two application service Memos 20260909 1655"
      },
      "created_at": "2026-09-09T16:52:25.321929+00:00",
      "sequence": 7,
      "type": "write_intent"
    },
    {
      "created_at": "2026-09-09T16:52:25.653876+00:00",
      "sequence": 8,
      "settled": true,
      "signature": "d5dd16bf71b74005",
      "type": "observation"
    },
    {
      "action": "type",
      "created_at": "2026-09-09T16:52:25.662390+00:00",
      "ok": true,
      "sequence": 9,
      "type": "action_result"
    },
    {
      "action": {
        "kind": "click",
        "target": 158
      },
      "created_at": "2026-09-09T16:52:25.666420+00:00",
      "sequence": 10,
      "type": "write_intent"
    },
    {
      "created_at": "2026-09-09T16:52:26.283702+00:00",
      "sequence": 11,
      "settled": true,
      "signature": "9e2dd3f25eb08d1e",
      "type": "observation"
    },
    {
      "action": "click",
      "created_at": "2026-09-09T16:52:26.292281+00:00",
      "ok": true,
      "sequence": 12,
      "type": "action_result"
    },
    {
      "created_at": "2026-09-09T16:52:26.299917+00:00",
      "sequence": 13,
      "type": "reload"
    },
    {
      "created_at": "2026-09-09T16:52:27.038742+00:00",
      "sequence": 14,
      "settled": true,
      "signature": "a0307102db3c9c66",
      "type": "observation"
    },
    {
      "created_at": "2026-09-09T16:52:27.053906+00:00",
      "outcome": "CONFIRMED",
      "sequence": 15,
      "status": "COMPLETED",
      "type": "job_finished"
    }
  ],
  "id": "job_79806e94f2b74e12ba178cfebfbab33b",
  "job_id": "job_79806e94f2b74e12ba178cfebfbab33b",
  "kind": "invoke",
  "request": {
    "arguments": {
      "value": "Two application service Memos 20260909 1655"
    },
    "operation_id": "op_da6cd313fd7951e26d2c",
    "version": 3
  },
  "result": {
    "effect": {
      "arguments": {
        "value": "Two application service Memos 20260909 1655"
      },
      "kind": "visible_record_created",
      "scope": "Unique local record in the current rendered view, retained after reload",
      "witness": {
        "basis": "visible_local_record",
        "field_slots": {
          "value": [
            {
              "channel": "text",
              "path": [
                [
                  "group",
                  1
                ],
                [
                  "group",
                  0
                ],
                [
                  "group",
                  0
                ],
                [
                  "group",
                  0
                ],
                [
                  "group",
                  0
                ],
                [
                  "text",
                  0
                ]
              ]
            }
          ]
        },
        "link_destinations": [],
        "observation": "a0307102db3c9c66",
        "role": "article",
        "root": 162,
        "texts": [
          "Two application service Memos 20260909 1655"
        ],
        "value_node": 178
      }
    },
    "metrics": {
      "actions": 5,
      "elapsed_seconds": 3.929,
      "model_calls": 0,
      "paid_cost": 0,
      "possible_write_actions": 2
    },
    "outcome": "CONFIRMED"
  },
  "status": "COMPLETED",
  "updated_at": "2026-09-09T16:52:27.053952+00:00",
  "write_intent": true
}
