14 boundaries, 0 with differing claim scores

 t=188 [same] closure=FIXPOINT rows=7
   final:  one outcome was admissible and it happened
   prefix: one outcome was admissible and it happened
   - missing row[_](cell@Berth[_],cell@Call[_](|cell@Status#0: later-intervention refutation (executed experiment postdates the trace)
   + closure-only row[_](cell@Actions[_](button[_]),|cell@Current call#0: final family 'row[_](cell@Actions[_](button[_]),cell@C' lacks it

 t=197 [same] closure=FIXPOINT rows=7
   final:  one outcome was admissible and it happened
   prefix: one outcome was admissible and it happened
   - missing row[_](cell@Berth[_],cell@Call[_](|cell@Status#0: later-intervention refutation (executed experiment postdates the trace)
   + closure-only row[_](cell@Actions[_](button[_]),|cell@Current call#0: final family 'row[_](cell@Actions[_](button[_]),cell@C' lacks it

 t=210 [same] closure=FIXPOINT rows=7
   final:  one outcome was admissible and it happened
   prefix: one outcome was admissible and it happened
   - missing row[_](cell@Berth[_],cell@Call[_](|cell@Status#0: later-intervention refutation (executed experiment postdates the trace)
   + closure-only row[_](cell@Actions[_](button[_]),|cell@Current call#0: final family 'row[_](cell@Actions[_](button[_]),cell@C' lacks it

 t=223 [same] closure=FIXPOINT rows=7
   final:  the only outcome ever seen on this control, and it happened
   prefix: the only outcome ever seen on this control, and it happened
   - missing row[_](cell@Berth[_],cell@Call[_](|cell@Status#0: later-intervention refutation (executed experiment postdates the trace)
   + closure-only row[_](cell@Actions[_](button[_]),|cell@Current call#0: final family 'row[_](cell@Actions[_](button[_]),cell@C' lacks it

 t=239 [same] closure=FIXPOINT rows=6
   final:  one outcome was admissible and it happened
   prefix: one outcome was admissible and it happened
   - missing row[_](cell@Berth[_],cell@Call[_](|cell@Status#0: later-intervention refutation (executed experiment postdates the trace)

 t=251 [same] closure=FIXPOINT rows=6
   final:  one outcome was admissible and it happened
   prefix: one outcome was admissible and it happened
   - missing row[_](cell@Berth[_],cell@Call[_](|cell@Status#0: later-intervention refutation (executed experiment postdates the trace)

 t=263 [same] closure=FIXPOINT rows=6
   final:  no outcome is established for this state
   prefix: no outcome is established for this state
   - missing row[_](cell@Berth[_],cell@Call[_](|cell@Status#0: later-intervention refutation (executed experiment postdates the trace)

 t=280 [same] closure=FIXPOINT rows=6
   final:  the only outcome ever seen on this control, and it happened
   prefix: the only outcome ever seen on this control, and it happened
   - missing row[_](cell@Berth[_],cell@Call[_](|cell@Status#0: later-intervention refutation (executed experiment postdates the trace)

 t=294 [same] closure=FIXPOINT rows=6
   final:  one outcome was admissible and it happened
   prefix: one outcome was admissible and it happened
   - missing row[_](cell@Berth[_],cell@Call[_](|cell@Status#0: later-intervention refutation (executed experiment postdates the trace)

 t=309 [same] closure=FIXPOINT rows=6
   final:  one outcome was admissible and it happened
   prefix: one outcome was admissible and it happened
   - missing row[_](cell@Berth[_],cell@Call[_](|cell@Status#0: later-intervention refutation (executed experiment postdates the trace)

 t=319 [same] closure=FIXPOINT rows=6
   final:  one outcome was admissible and it happened
   prefix: one outcome was admissible and it happened
   - missing row[_](cell@Berth[_],cell@Call[_](|cell@Status#0: later-intervention refutation (executed experiment postdates the trace)

 t=331 [same] closure=FIXPOINT rows=6
   final:  one outcome was admissible and it happened
   prefix: one outcome was admissible and it happened
   - missing row[_](cell@Berth[_],cell@Call[_](|cell@Status#0: later-intervention refutation (executed experiment postdates the trace)

 t=346 [same] closure=FIXPOINT rows=6
   final:  one outcome was admissible and it happened
   prefix: one outcome was admissible and it happened
   - missing row[_](cell@Berth[_],cell@Call[_](|cell@Status#0: later-intervention refutation (executed experiment postdates the trace)

 t=365 [same] closure=FIXPOINT rows=6
   final:  no outcome is established for this state
   prefix: no outcome is established for this state
   - missing row[_](cell@Berth[_],cell@Call[_](|cell@Status#0: later-intervention refutation (executed experiment postdates the trace)

wrote /home/moloch/semabi-scratch/preq/provenance.json
