{
  "operations": [
    {
      "id": "op_1eb02be1584bb7b95076",
      "version": 1,
      "name": "read_record",
      "kind": "read_visible_record",
      "argument_schema": {
        "additionalProperties": false,
        "properties": {
          "target": {
            "description": "Exact current local anchor: URL",
            "format": "uri",
            "format_basis": "visible_label_prior_validated_by_trials",
            "minLength": 1,
            "type": "string"
          }
        },
        "required": [
          "target"
        ],
        "type": "object"
      }
    },
    {
      "id": "op_38448a42c110ce54c36e",
      "version": 1,
      "name": "save_record",
      "kind": "create_visible_record",
      "argument_schema": {
        "additionalProperties": false,
        "properties": {
          "description": {
            "description": "Description",
            "minLength": 1,
            "type": "string"
          },
          "tags": {
            "description": "Tags",
            "minLength": 1,
            "type": "string"
          },
          "title": {
            "description": "Title",
            "maxLength": 512,
            "minLength": 1,
            "type": "string"
          },
          "url": {
            "description": "URL",
            "format": "uri",
            "format_basis": "visible_label_prior_validated_by_trials",
            "minLength": 1,
            "type": "string"
          }
        },
        "required": [
          "url",
          "tags",
          "title",
          "description"
        ],
        "type": "object"
      }
    },
    {
      "id": "op_49b6746003059735c383",
      "version": 1,
      "name": "update_record",
      "kind": "update_visible_record",
      "argument_schema": {
        "additionalProperties": false,
        "properties": {
          "description": {
            "description": "Description",
            "minLength": 1,
            "type": "string"
          },
          "tags": {
            "description": "Tags",
            "minLength": 1,
            "type": "string"
          },
          "target": {
            "description": "Exact current local anchor: URL",
            "format": "uri",
            "format_basis": "visible_label_prior_validated_by_trials",
            "minLength": 1,
            "type": "string"
          },
          "title": {
            "description": "Title",
            "maxLength": 512,
            "minLength": 1,
            "type": "string"
          }
        },
        "required": [
          "target",
          "tags",
          "title",
          "description"
        ],
        "type": "object"
      }
    }
  ]
}
{"execution_id": "job_32bbff3e4d71458abe866c763bb8110f", "idempotency_key": "p3-read-old-bookmark-20260909"}
{"job_id": "job_32bbff3e4d71458abe866c763bb8110f", "status": "RUNNING", "events": 0}
{"job_id": "job_32bbff3e4d71458abe866c763bb8110f", "status": "RUNNING", "events": 1}
{"job_id": "job_32bbff3e4d71458abe866c763bb8110f", "status": "RUNNING", "events": 2}
{"job_id": "job_32bbff3e4d71458abe866c763bb8110f", "status": "RUNNING", "events": 4}
{"job_id": "job_32bbff3e4d71458abe866c763bb8110f", "status": "RUNNING", "events": 6}
{"job_id": "job_32bbff3e4d71458abe866c763bb8110f", "status": "RUNNING", "events": 8}
{"job_id": "job_32bbff3e4d71458abe866c763bb8110f", "status": "RUNNING", "events": 10}
{"job_id": "job_32bbff3e4d71458abe866c763bb8110f", "status": "COMPLETED", "events": 12}
{
  "connection_id": "conn_69dde230fe564df8899a808d6cfd5d20",
  "created_at": "2026-09-09T17:34:30.399403+00:00",
  "events": [
    {
      "created_at": "2026-09-09T17:34:30.409230+00:00",
      "kind": "invoke",
      "sequence": 1,
      "type": "job_started"
    },
    {
      "created_at": "2026-09-09T17:34:30.721125+00:00",
      "sequence": 2,
      "settled": true,
      "signature": "1d29b4d477df97aa",
      "type": "observation"
    },
    {
      "created_at": "2026-09-09T17:34:31.019347+00:00",
      "sequence": 3,
      "settled": true,
      "signature": "1d29b4d477df97aa",
      "type": "observation"
    },
    {
      "created_at": "2026-09-09T17:34:31.031961+00:00",
      "sequence": 4,
      "type": "navigation",
      "url": "http://127.0.0.1:8851/bookmarks"
    },
    {
      "created_at": "2026-09-09T17:34:31.689159+00:00",
      "sequence": 5,
      "settled": true,
      "signature": "1d29b4d477df97aa",
      "type": "observation"
    },
    {
      "action": {
        "kind": "click",
        "target": 99
      },
      "created_at": "2026-09-09T17:34:31.706385+00:00",
      "sequence": 6,
      "type": "write_intent"
    },
    {
      "created_at": "2026-09-09T17:34:32.127295+00:00",
      "sequence": 7,
      "settled": true,
      "signature": "e446eeec9b93ff0d",
      "type": "observation"
    },
    {
      "action": "click",
      "created_at": "2026-09-09T17:34:32.135793+00:00",
      "ok": true,
      "sequence": 8,
      "type": "action_result"
    },
    {
      "created_at": "2026-09-09T17:34:32.361926+00:00",
      "sequence": 9,
      "settled": true,
      "signature": "e446eeec9b93ff0d",
      "type": "observation"
    },
    {
      "created_at": "2026-09-09T17:34:32.370997+00:00",
      "sequence": 10,
      "type": "navigation",
      "url": "http://127.0.0.1:8851/bookmarks"
    },
    {
      "created_at": "2026-09-09T17:34:33.001923+00:00",
      "sequence": 11,
      "settled": true,
      "signature": "1d29b4d477df97aa",
      "type": "observation"
    },
    {
      "created_at": "2026-09-09T17:34:33.003818+00:00",
      "outcome": "CONFIRMED",
      "sequence": 12,
      "status": "COMPLETED",
      "type": "job_finished"
    }
  ],
  "id": "job_32bbff3e4d71458abe866c763bb8110f",
  "job_id": "job_32bbff3e4d71458abe866c763bb8110f",
  "kind": "invoke",
  "request": {
    "arguments": {
      "target": "https://example.invalid/semabi-fresh-session-20260909"
    },
    "operation_id": "op_1eb02be1584bb7b95076",
    "version": 1
  },
  "result": {
    "effect": {
      "field_descriptors": {
        "description": {
          "input_type": "textarea",
          "label": "Description",
          "role": "textbox"
        },
        "tags": {
          "input_type": "text",
          "label": "Tags",
          "role": "textbox"
        },
        "title": {
          "input_type": "text",
          "label": "Title",
          "role": "textbox"
        },
        "url": {
          "input_type": "text",
          "label": "URL",
          "role": "textbox"
        }
      },
      "kind": "visible_record_read",
      "scope": "Current labeled edit-form values for one exact local anchor in the rendered view",
      "values": {
        "description": "Persisted schema reused with new arguments",
        "tags": "semabi-reuse",
        "title": "Fresh session learned bookmark",
        "url": "https://example.invalid/semabi-fresh-session-20260909"
      },
      "witness": {
        "basis": "visible_local_record",
        "link_destinations": [
          "https://example.invalid/semabi-fresh-session-20260909",
          "http://127.0.0.1:8851/bookmarks?q=%23semabi-reuse",
          "https://web.archive.org/web/20260909165950/https://example.invalid/semabi-fresh-session-20260909",
          "http://127.0.0.1:8851/bookmarks?details=7",
          "http://127.0.0.1:8851/bookmarks/7/edit?return_url=/bookmarks"
        ],
        "observation": "1d29b4d477df97aa",
        "role": "listitem",
        "root": 86,
        "texts": [
          "Today",
          "|",
          "View",
          "Edit",
          "Archive",
          "Remove",
          "Fresh session learned bookmark semabi-reuse | Persisted schema reused with new arguments Today | View Edit Archive Remove",
          "Fresh session learned bookmark",
          "Fresh session learned bookmark",
          "|",
          "semabi-reuse",
          "semabi-reuse",
          "Persisted schema reused with new arguments"
        ],
        "value_node": 89
      }
    },
    "metrics": {
      "actions": 3,
      "elapsed_seconds": 2.593,
      "model_calls": 0,
      "paid_cost": 0,
      "possible_write_actions": 1
    },
    "outcome": "CONFIRMED"
  },
  "status": "COMPLETED",
  "updated_at": "2026-09-09T17:34:33.003878+00:00",
  "write_intent": true
}
