{"job_id": "job_e5201a00f97949ef9aa3c24130a854b6", "status": "RUNNING", "events": 0}
{"job_id": "job_e5201a00f97949ef9aa3c24130a854b6", "status": "RUNNING", "events": 1}
{"job_id": "job_e5201a00f97949ef9aa3c24130a854b6", "status": "COMPLETED", "events": 2}
{"job_id": "job_5f16c2b333ec471facc7f0f4f8a25d4b", "status": "RUNNING", "events": 0}
{"job_id": "job_5f16c2b333ec471facc7f0f4f8a25d4b", "status": "RUNNING", "events": 2}
{"job_id": "job_5f16c2b333ec471facc7f0f4f8a25d4b", "status": "RUNNING", "events": 3}
{"job_id": "job_5f16c2b333ec471facc7f0f4f8a25d4b", "status": "RUNNING", "events": 5}
{"job_id": "job_5f16c2b333ec471facc7f0f4f8a25d4b", "status": "RUNNING", "events": 6}
{"job_id": "job_5f16c2b333ec471facc7f0f4f8a25d4b", "status": "RUNNING", "events": 7}
{"job_id": "job_5f16c2b333ec471facc7f0f4f8a25d4b", "status": "RUNNING", "events": 8}
{"job_id": "job_5f16c2b333ec471facc7f0f4f8a25d4b", "status": "RUNNING", "events": 9}
{"job_id": "job_5f16c2b333ec471facc7f0f4f8a25d4b", "status": "RUNNING", "events": 11}
{"job_id": "job_5f16c2b333ec471facc7f0f4f8a25d4b", "status": "RUNNING", "events": 13}
{"job_id": "job_5f16c2b333ec471facc7f0f4f8a25d4b", "status": "RUNNING", "events": 16}
{"job_id": "job_5f16c2b333ec471facc7f0f4f8a25d4b", "status": "RUNNING", "events": 18}
{"job_id": "job_5f16c2b333ec471facc7f0f4f8a25d4b", "status": "RUNNING", "events": 20}
{"job_id": "job_5f16c2b333ec471facc7f0f4f8a25d4b", "status": "RUNNING", "events": 21}
{"job_id": "job_5f16c2b333ec471facc7f0f4f8a25d4b", "status": "RUNNING", "events": 26}
{"job_id": "job_5f16c2b333ec471facc7f0f4f8a25d4b", "status": "RUNNING", "events": 29}
{"job_id": "job_5f16c2b333ec471facc7f0f4f8a25d4b", "status": "RUNNING", "events": 32}
{"job_id": "job_5f16c2b333ec471facc7f0f4f8a25d4b", "status": "RUNNING", "events": 35}
{"job_id": "job_5f16c2b333ec471facc7f0f4f8a25d4b", "status": "RUNNING", "events": 37}
{"job_id": "job_5f16c2b333ec471facc7f0f4f8a25d4b", "status": "RUNNING", "events": 39}
{"job_id": "job_5f16c2b333ec471facc7f0f4f8a25d4b", "status": "RUNNING", "events": 40}
{"job_id": "job_5f16c2b333ec471facc7f0f4f8a25d4b", "status": "RUNNING", "events": 42}
{"job_id": "job_5f16c2b333ec471facc7f0f4f8a25d4b", "status": "RUNNING", "events": 44}
{"job_id": "job_5f16c2b333ec471facc7f0f4f8a25d4b", "status": "RUNNING", "events": 47}
{"job_id": "job_5f16c2b333ec471facc7f0f4f8a25d4b", "status": "RUNNING", "events": 50}
{"job_id": "job_5f16c2b333ec471facc7f0f4f8a25d4b", "status": "RUNNING", "events": 53}
{"job_id": "job_5f16c2b333ec471facc7f0f4f8a25d4b", "status": "RUNNING", "events": 56}
{"job_id": "job_5f16c2b333ec471facc7f0f4f8a25d4b", "status": "RUNNING", "events": 59}
{"job_id": "job_5f16c2b333ec471facc7f0f4f8a25d4b", "status": "RUNNING", "events": 61}
{"job_id": "job_5f16c2b333ec471facc7f0f4f8a25d4b", "status": "RUNNING", "events": 63}
{"job_id": "job_5f16c2b333ec471facc7f0f4f8a25d4b", "status": "RUNNING", "events": 65}
{"job_id": "job_5f16c2b333ec471facc7f0f4f8a25d4b", "status": "RUNNING", "events": 67}
{"job_id": "job_5f16c2b333ec471facc7f0f4f8a25d4b", "status": "RUNNING", "events": 69}
{"job_id": "job_5f16c2b333ec471facc7f0f4f8a25d4b", "status": "RUNNING", "events": 71}
{"job_id": "job_5f16c2b333ec471facc7f0f4f8a25d4b", "status": "RUNNING", "events": 73}
{"job_id": "job_5f16c2b333ec471facc7f0f4f8a25d4b", "status": "RUNNING", "events": 74}
{"job_id": "job_5f16c2b333ec471facc7f0f4f8a25d4b", "status": "RUNNING", "events": 76}
{"job_id": "job_5f16c2b333ec471facc7f0f4f8a25d4b", "status": "RUNNING", "events": 78}
{"job_id": "job_5f16c2b333ec471facc7f0f4f8a25d4b", "status": "RUNNING", "events": 80}
{"job_id": "job_5f16c2b333ec471facc7f0f4f8a25d4b", "status": "RUNNING", "events": 82}
{"job_id": "job_5f16c2b333ec471facc7f0f4f8a25d4b", "status": "RUNNING", "events": 84}
{"job_id": "job_5f16c2b333ec471facc7f0f4f8a25d4b", "status": "RUNNING", "events": 85}
{"job_id": "job_5f16c2b333ec471facc7f0f4f8a25d4b", "status": "RUNNING", "events": 86}
{"job_id": "job_5f16c2b333ec471facc7f0f4f8a25d4b", "status": "RUNNING", "events": 88}
{"job_id": "job_5f16c2b333ec471facc7f0f4f8a25d4b", "status": "RUNNING", "events": 90}
{"job_id": "job_5f16c2b333ec471facc7f0f4f8a25d4b", "status": "RUNNING", "events": 92}
{"job_id": "job_5f16c2b333ec471facc7f0f4f8a25d4b", "status": "RUNNING", "events": 94}
{"job_id": "job_5f16c2b333ec471facc7f0f4f8a25d4b", "status": "RUNNING", "events": 96}
{"job_id": "job_5f16c2b333ec471facc7f0f4f8a25d4b", "status": "RUNNING", "events": 98}
{"job_id": "job_5f16c2b333ec471facc7f0f4f8a25d4b", "status": "RUNNING", "events": 100}
{"job_id": "job_5f16c2b333ec471facc7f0f4f8a25d4b", "status": "RUNNING", "events": 104}
{"job_id": "job_5f16c2b333ec471facc7f0f4f8a25d4b", "status": "RUNNING", "events": 106}
{"job_id": "job_5f16c2b333ec471facc7f0f4f8a25d4b", "status": "RUNNING", "events": 108}
{"job_id": "job_5f16c2b333ec471facc7f0f4f8a25d4b", "status": "RUNNING", "events": 109}
{"job_id": "job_5f16c2b333ec471facc7f0f4f8a25d4b", "status": "RUNNING", "events": 111}
{"job_id": "job_5f16c2b333ec471facc7f0f4f8a25d4b", "status": "RUNNING", "events": 113}
{"job_id": "job_5f16c2b333ec471facc7f0f4f8a25d4b", "status": "RUNNING", "events": 115}
{"job_id": "job_5f16c2b333ec471facc7f0f4f8a25d4b", "status": "RUNNING", "events": 117}
{"job_id": "job_5f16c2b333ec471facc7f0f4f8a25d4b", "status": "RUNNING", "events": 119}
{"job_id": "job_5f16c2b333ec471facc7f0f4f8a25d4b", "status": "RUNNING", "events": 121}
{"job_id": "job_5f16c2b333ec471facc7f0f4f8a25d4b", "status": "RUNNING", "events": 123}
{"job_id": "job_5f16c2b333ec471facc7f0f4f8a25d4b", "status": "RUNNING", "events": 125}
{"job_id": "job_5f16c2b333ec471facc7f0f4f8a25d4b", "status": "RUNNING", "events": 127}
{"job_id": "job_5f16c2b333ec471facc7f0f4f8a25d4b", "status": "RUNNING", "events": 129}
{"job_id": "job_5f16c2b333ec471facc7f0f4f8a25d4b", "status": "RUNNING", "events": 131}
{"job_id": "job_5f16c2b333ec471facc7f0f4f8a25d4b", "status": "RUNNING", "events": 133}
{"job_id": "job_5f16c2b333ec471facc7f0f4f8a25d4b", "status": "RUNNING", "events": 134}
{"job_id": "job_5f16c2b333ec471facc7f0f4f8a25d4b", "status": "COMPLETED", "events": 136}
{
  "operations": [
    {
      "id": "op_1eb02be1584bb7b95076",
      "version": 1,
      "name": "read_record",
      "kind": "read_visible_record",
      "argument_schema": {
        "additionalProperties": false,
        "properties": {
          "target": {
            "description": "Exact current local anchor: URL",
            "format": "uri",
            "format_basis": "visible_label_prior_validated_by_trials",
            "minLength": 1,
            "type": "string"
          }
        },
        "required": [
          "target"
        ],
        "type": "object"
      }
    },
    {
      "id": "op_38448a42c110ce54c36e",
      "version": 1,
      "name": "save_record",
      "kind": "create_visible_record",
      "argument_schema": {
        "additionalProperties": false,
        "properties": {
          "description": {
            "description": "Description",
            "minLength": 1,
            "type": "string"
          },
          "tags": {
            "description": "Tags",
            "minLength": 1,
            "type": "string"
          },
          "title": {
            "description": "Title",
            "maxLength": 512,
            "minLength": 1,
            "type": "string"
          },
          "url": {
            "description": "URL",
            "format": "uri",
            "format_basis": "visible_label_prior_validated_by_trials",
            "minLength": 1,
            "type": "string"
          }
        },
        "required": [
          "url",
          "tags",
          "title",
          "description"
        ],
        "type": "object"
      }
    },
    {
      "id": "op_49b6746003059735c383",
      "version": 1,
      "name": "update_record",
      "kind": "update_visible_record",
      "argument_schema": {
        "additionalProperties": false,
        "properties": {
          "description": {
            "description": "Description",
            "minLength": 1,
            "type": "string"
          },
          "tags": {
            "description": "Tags",
            "minLength": 1,
            "type": "string"
          },
          "target": {
            "description": "Exact current local anchor: URL",
            "format": "uri",
            "format_basis": "visible_label_prior_validated_by_trials",
            "minLength": 1,
            "type": "string"
          },
          "title": {
            "description": "Title",
            "maxLength": 512,
            "minLength": 1,
            "type": "string"
          }
        },
        "required": [
          "target",
          "tags",
          "title",
          "description"
        ],
        "type": "object"
      }
    }
  ]
}
Schema discovery complete; no invocation submitted.
