{"job_id": "job_4f4c9f941c06469b99be362bdf98d6c2", "status": "RUNNING", "events": 0}
{"job_id": "job_4f4c9f941c06469b99be362bdf98d6c2", "status": "RUNNING", "events": 1}
{"job_id": "job_4f4c9f941c06469b99be362bdf98d6c2", "status": "COMPLETED", "events": 2}
{"job_id": "job_e460e2f33fbc4562ac6602e433cbf154", "status": "RUNNING", "events": 0}
{"job_id": "job_e460e2f33fbc4562ac6602e433cbf154", "status": "RUNNING", "events": 2}
{"job_id": "job_e460e2f33fbc4562ac6602e433cbf154", "status": "RUNNING", "events": 3}
{"job_id": "job_e460e2f33fbc4562ac6602e433cbf154", "status": "RUNNING", "events": 5}
{"job_id": "job_e460e2f33fbc4562ac6602e433cbf154", "status": "RUNNING", "events": 7}
{"job_id": "job_e460e2f33fbc4562ac6602e433cbf154", "status": "RUNNING", "events": 9}
{"job_id": "job_e460e2f33fbc4562ac6602e433cbf154", "status": "RUNNING", "events": 11}
{"job_id": "job_e460e2f33fbc4562ac6602e433cbf154", "status": "RUNNING", "events": 14}
{"job_id": "job_e460e2f33fbc4562ac6602e433cbf154", "status": "RUNNING", "events": 16}
{"job_id": "job_e460e2f33fbc4562ac6602e433cbf154", "status": "RUNNING", "events": 18}
{"job_id": "job_e460e2f33fbc4562ac6602e433cbf154", "status": "RUNNING", "events": 19}
{"job_id": "job_e460e2f33fbc4562ac6602e433cbf154", "status": "RUNNING", "events": 21}
{"job_id": "job_e460e2f33fbc4562ac6602e433cbf154", "status": "RUNNING", "events": 23}
{"job_id": "job_e460e2f33fbc4562ac6602e433cbf154", "status": "RUNNING", "events": 26}
{"job_id": "job_e460e2f33fbc4562ac6602e433cbf154", "status": "RUNNING", "events": 28}
{"job_id": "job_e460e2f33fbc4562ac6602e433cbf154", "status": "RUNNING", "events": 30}
{"job_id": "job_e460e2f33fbc4562ac6602e433cbf154", "status": "COMPLETED", "events": 34}
{
  "operations": [
    {
      "id": "op_32fe04fdd2dd8d082206",
      "version": 1,
      "name": "save_record",
      "kind": "create_visible_record",
      "argument_schema": {
        "additionalProperties": false,
        "properties": {
          "value": {
            "description": "Visible editor value",
            "minLength": 1,
            "type": "string"
          }
        },
        "required": [
          "value"
        ],
        "type": "object"
      }
    }
  ]
}
Schema discovery complete; no invocation submitted.
