{"job_id": "job_580c2e35dcdb484ea886a89cd069e345", "status": "RUNNING", "events": 0}
{"job_id": "job_580c2e35dcdb484ea886a89cd069e345", "status": "RUNNING", "events": 1}
{"job_id": "job_580c2e35dcdb484ea886a89cd069e345", "status": "COMPLETED", "events": 2}
{"job_id": "job_6cde78a2f7844cbfae57195f32e4bc47", "status": "RUNNING", "events": 0}
{"job_id": "job_6cde78a2f7844cbfae57195f32e4bc47", "status": "RUNNING", "events": 2}
{"job_id": "job_6cde78a2f7844cbfae57195f32e4bc47", "status": "RUNNING", "events": 3}
{"job_id": "job_6cde78a2f7844cbfae57195f32e4bc47", "status": "RUNNING", "events": 5}
{"job_id": "job_6cde78a2f7844cbfae57195f32e4bc47", "status": "RUNNING", "events": 6}
{"job_id": "job_6cde78a2f7844cbfae57195f32e4bc47", "status": "RUNNING", "events": 7}
{"job_id": "job_6cde78a2f7844cbfae57195f32e4bc47", "status": "RUNNING", "events": 9}
{"job_id": "job_6cde78a2f7844cbfae57195f32e4bc47", "status": "RUNNING", "events": 11}
{"job_id": "job_6cde78a2f7844cbfae57195f32e4bc47", "status": "RUNNING", "events": 14}
{"job_id": "job_6cde78a2f7844cbfae57195f32e4bc47", "status": "RUNNING", "events": 16}
{"job_id": "job_6cde78a2f7844cbfae57195f32e4bc47", "status": "RUNNING", "events": 18}
{"job_id": "job_6cde78a2f7844cbfae57195f32e4bc47", "status": "RUNNING", "events": 19}
{"job_id": "job_6cde78a2f7844cbfae57195f32e4bc47", "status": "RUNNING", "events": 21}
{"job_id": "job_6cde78a2f7844cbfae57195f32e4bc47", "status": "RUNNING", "events": 23}
{"job_id": "job_6cde78a2f7844cbfae57195f32e4bc47", "status": "RUNNING", "events": 26}
{"job_id": "job_6cde78a2f7844cbfae57195f32e4bc47", "status": "RUNNING", "events": 28}
{"job_id": "job_6cde78a2f7844cbfae57195f32e4bc47", "status": "RUNNING", "events": 30}
{"job_id": "job_6cde78a2f7844cbfae57195f32e4bc47", "status": "RUNNING", "events": 32}
{"job_id": "job_6cde78a2f7844cbfae57195f32e4bc47", "status": "RUNNING", "events": 34}
{"job_id": "job_6cde78a2f7844cbfae57195f32e4bc47", "status": "RUNNING", "events": 36}
{"job_id": "job_6cde78a2f7844cbfae57195f32e4bc47", "status": "RUNNING", "events": 39}
{"job_id": "job_6cde78a2f7844cbfae57195f32e4bc47", "status": "RUNNING", "events": 40}
{"job_id": "job_6cde78a2f7844cbfae57195f32e4bc47", "status": "RUNNING", "events": 41}
{"job_id": "job_6cde78a2f7844cbfae57195f32e4bc47", "status": "RUNNING", "events": 43}
{"job_id": "job_6cde78a2f7844cbfae57195f32e4bc47", "status": "RUNNING", "events": 44}
{"job_id": "job_6cde78a2f7844cbfae57195f32e4bc47", "status": "RUNNING", "events": 46}
{"job_id": "job_6cde78a2f7844cbfae57195f32e4bc47", "status": "RUNNING", "events": 47}
{"job_id": "job_6cde78a2f7844cbfae57195f32e4bc47", "status": "RUNNING", "events": 48}
{"job_id": "job_6cde78a2f7844cbfae57195f32e4bc47", "status": "RUNNING", "events": 51}
{"job_id": "job_6cde78a2f7844cbfae57195f32e4bc47", "status": "COMPLETED", "events": 55}
{
  "operations": [
    {
      "id": "op_562fcb42c95d9c59eba3",
      "version": 1,
      "name": "save_record",
      "kind": "create_visible_record",
      "argument_schema": {
        "additionalProperties": false,
        "properties": {
          "value": {
            "description": "Visible editor value",
            "minLength": 1,
            "type": "string"
          }
        },
        "required": [
          "value"
        ],
        "type": "object"
      }
    }
  ]
}
Schema discovery complete; no invocation submitted.
