ledger {'one outcome was admissible and it happened': 160, 'the only outcome ever seen on this control, and it happened': 89, 'several outcomes remained admissible; the one that happened was among them': 49, 'no outcome is established for this state': 5, 'the only outcome ever seen on this control, and something else happened': 7, 'one outcome was admissible and a different one happened': 3}
button:Book pilot {'one outcome was admissible and it happened': 7, 'several outcomes remained admissible; the one that happened was among them': 14}
     65 one outcome was admissible and it happened    adm=['Nothing chosen in the pilot list .']             obs=Nothing chosen in the pilot list .
    159 one outcome was admissible and it happened    adm=['Nothing chosen in the pilot list .']             obs=Nothing chosen in the pilot list .
    185 one outcome was admissible and it happened    adm=['Nothing chosen in the pilot list .']             obs=Nothing chosen in the pilot list .
    328 several outcomes remained admissible; the one adm=['<> booked for call <> .', '<> is already booked  obs=<> is already booked for call <> .
    356 one outcome was admissible and it happened    adm=['Nothing chosen in the pilot list .']             obs=Nothing chosen in the pilot list .
    463 one outcome was admissible and it happened    adm=['<> holds a <> ; <> is <> overall .']             obs=<> holds a <> ; <> is <> overall .
    467 one outcome was admissible and it happened    adm=['<> is not <> .']                                 obs=<> is not <> .
    470 several outcomes remained admissible; the one adm=['<> holds a <> ; <> is <> overall .', '<> is not  obs=<> is not <> .
    474 one outcome was admissible and it happened    adm=['<> booked for call <> .']                        obs=<> booked for call <> .
    477 several outcomes remained admissible; the one adm=['<> holds a <> ; <> is <> overall .', '<> is alre obs=<> is already booked for call <> .
    480 several outcomes remained admissible; the one adm=['<> booked for call <> .', '<> holds a <> ; <> is obs=<> is already booked for call <> .
    486 several outcomes remained admissible; the one adm=['<> booked for call <> .', '<> is not <> .']      obs=<> is not <> .
    489 several outcomes remained admissible; the one adm=['<> booked for call <> .', '<> holds a <> ; <> is obs=<> is not <> .
    493 several outcomes remained admissible; the one adm=['<> booked for call <> .', '<> holds a <> ; <> is obs=<> booked for call <> .
    496 several outcomes remained admissible; the one adm=['<> booked for call <> .', '<> is already booked  obs=<> is already booked for call <> .
    502 several outcomes remained admissible; the one adm=['<> booked for call <> .', '<> holds a <> ; <> is obs=<> holds a <> ; <> is <> overall .
    506 several outcomes remained admissible; the one adm=['<> booked for call <> .', '<> is not <> .', 'Not obs=<> is not <> .
    509 several outcomes remained admissible; the one adm=['<> is not <> .', 'Nothing chosen in the pilot li obs=<> is not <> .
    513 several outcomes remained admissible; the one adm=['<> booked for call <> .', '<> holds a <> ; <> is obs=<> booked for call <> .
    516 several outcomes remained admissible; the one adm=['<> booked for call <> .', '<> is already booked  obs=<> is already booked for call <> .
    519 several outcomes remained admissible; the one adm=['<> booked for call <> .', '<> holds a <> ; <> is obs=<> is already booked for call <> .
