ledger {'one outcome was admissible and it happened': 175, 'the only outcome ever seen on this control, and it happened': 99, 'several outcomes remained admissible; the one that happened was among them': 41, 'the only outcome ever seen on this control, and something else happened': 7, 'no outcome is established for this state': 8, 'one outcome was admissible and a different one happened': 4}
button:Allocate berth {'one outcome was admissible and it happened': 18, 'several outcomes remained admissible; the one that happened was among them': 6, 'no outcome is established for this state': 3}
     59 one outcome was admissible and it happened    adm=['Nothing chosen in the berth list .']             obs=Nothing chosen in the berth list .
    164 one outcome was admissible and it happened    adm=['Nothing chosen in the berth list .']             obs=Nothing chosen in the berth list .
    194 one outcome was admissible and it happened    adm=['Nothing chosen in the berth list .']             obs=Nothing chosen in the berth list .
    340 one outcome was admissible and it happened    adm=['Nothing chosen in the berth list .']             obs=Nothing chosen in the berth list .
    357 one outcome was admissible and it happened    adm=['Nothing chosen in the berth list .']             obs=Nothing chosen in the berth list .
    464 several outcomes remained admissible; the one adm=['<> <> is <> .', '<> is <> overall ; berth <> <>  obs=<> <> is <> .
    467 one outcome was admissible and it happened    adm=['<> <> is <> .']                                  obs=<> <> is <> .
    471 several outcomes remained admissible; the one adm=['<> <> allocated to call <> .', '<> is <> overall obs=<> <> allocated to call <> .
    474 one outcome was admissible and it happened    adm=['<> is <> overall ; berth <> <> .']               obs=<> is <> overall ; berth <> <> .
    477 no outcome is established for this state      adm=[]                                                 obs=<> is <> overall ; berth <> <> .
    485 several outcomes remained admissible; the one adm=['<> is <> overall ; berth <> <> .', 'Call <> is a obs=Call <> is already <> ; her berth cannot be change
    492 one outcome was admissible and it happened    adm=['<> <> is <> .']                                  obs=<> <> is <> .
    495 one outcome was admissible and it happened    adm=['<> <> is <> .']                                  obs=<> <> is <> .
    499 one outcome was admissible and it happened    adm=['<> is <> overall ; berth <> <> .']               obs=<> is <> overall ; berth <> <> .
    502 no outcome is established for this state      adm=[]                                                 obs=<> is <> overall ; berth <> <> .
    509 no outcome is established for this state      adm=[]                                                 obs=<> <> allocated to call <> .
    512 one outcome was admissible and it happened    adm=['<> <> is held by call <> .']                     obs=<> <> is held by call <> .
    515 one outcome was admissible and it happened    adm=['<> <> is held by call <> .']                     obs=<> <> is held by call <> .
    518 one outcome was admissible and it happened    adm=['<> <> is <> .']                                  obs=<> <> is <> .
    521 one outcome was admissible and it happened    adm=['<> <> is <> .']                                  obs=<> <> is <> .
    525 one outcome was admissible and it happened    adm=['<> <> allocated to call <> .']                   obs=<> <> allocated to call <> .
    528 several outcomes remained admissible; the one adm=['<> <> allocated to call <> .', '<> <> is held by obs=<> <> is held by call <> .
    531 several outcomes remained admissible; the one adm=['<> <> allocated to call <> .', '<> <> is held by obs=<> <> is held by call <> .
    534 one outcome was admissible and it happened    adm=['<> is <> overall ; berth <> <> .']               obs=<> is <> overall ; berth <> <> .
    537 one outcome was admissible and it happened    adm=['<> is <> overall ; berth <> <> .']               obs=<> is <> overall ; berth <> <> .
    540 one outcome was admissible and it happened    adm=['<> is <> overall ; berth <> <> .']               obs=<> is <> overall ; berth <> <> .
    548 several outcomes remained admissible; the one adm=['<> <> allocated to call <> .', 'Call <> is alrea obs=Call <> is already <> ; her berth cannot be change
