{
  "development": {
    "target_clicks": 13,
    "visible_check_ledger": {
      "match": 39
    },
    "visible_check_scope": {
      "bound vessel length survives representation": {
        "match": 13
      },
      "selected object retained": {
        "match": 13
      },
      "sheet vessel available in action binding": {
        "match": 13
      }
    }
  },
  "holdout": {
    "target_clicks": 13,
    "visible_check_ledger": {
      "match": 39
    },
    "visible_check_scope": {
      "bound vessel length survives representation": {
        "match": 13
      },
      "selected object retained": {
        "match": 13
      },
      "sheet vessel available in action binding": {
        "match": 13
      }
    }
  }
}
