{
  "development": {
    "target_clicks": 32,
    "visible_check_ledger": {
      "match": 96
    },
    "visible_check_scope": {
      "bound vessel length survives representation": {
        "match": 32
      },
      "selected object retained": {
        "match": 32
      },
      "sheet vessel available in action binding": {
        "match": 32
      }
    }
  },
  "holdout": {
    "target_clicks": 27,
    "visible_check_ledger": {
      "match": 81
    },
    "visible_check_scope": {
      "bound vessel length survives representation": {
        "match": 27
      },
      "selected object retained": {
        "match": 27
      },
      "sheet vessel available in action binding": {
        "match": 27
      }
    }
  }
}
