2026-09-07T14:54:07.285216+00:00 pilot: settled reading
2026-09-07T14:56:28.473329+00:00 pilot: fitting
2026-09-07T15:09:10.202305+00:00 pilot: scoring and visible binding checks
{
  "development": {
    "target_clicks": 30,
    "failed_attempts": 0,
    "recognition_mismatches": 0,
    "visible_check_ledger": {
      "match": 90
    },
    "visible_check_scope": {
      "owner length survives representation": {
        "match": 30
      },
      "selected object retained": {
        "match": 30
      },
      "sheet vessel is action owner": {
        "match": 30
      }
    },
    "version_space_ledger": {},
    "decision_list_ledger": {}
  },
  "holdout": {
    "target_clicks": 21,
    "failed_attempts": 0,
    "recognition_mismatches": 0,
    "visible_check_ledger": {
      "match": 63
    },
    "visible_check_scope": {
      "owner length survives representation": {
        "match": 21
      },
      "selected object retained": {
        "match": 21
      },
      "sheet vessel is action owner": {
        "match": 21
      }
    },
    "version_space_ledger": {
      "one outcome was admissible and it happened": 7,
      "several outcomes remained admissible; the one that happened was among them": 14
    },
    "decision_list_ledger": {
      "the event the interface returned": 18,
      "a different event": 3
    }
  }
}
