{
  "development": {
    "target_clicks": 30,
    "visible_check_ledger": {
      "match": 90
    },
    "visible_check_scope": {
      "bound vessel length survives representation": {
        "match": 30
      },
      "selected object retained": {
        "match": 30
      },
      "sheet vessel available in action binding": {
        "match": 30
      }
    }
  },
  "holdout": {
    "target_clicks": 21,
    "visible_check_ledger": {
      "match": 63
    },
    "visible_check_scope": {
      "bound vessel length survives representation": {
        "match": 21
      },
      "selected object retained": {
        "match": 21
      },
      "sheet vessel available in action binding": {
        "match": 21
      }
    }
  }
}
