{
  "development": {
    "target_clicks": 69,
    "visible_check_ledger": {
      "match": 207
    },
    "visible_check_scope": {
      "bound vessel length survives representation": {
        "match": 69
      },
      "selected object retained": {
        "match": 69
      },
      "sheet vessel available in action binding": {
        "match": 69
      }
    }
  },
  "holdout": {
    "target_clicks": 30,
    "visible_check_ledger": {
      "match": 90
    },
    "visible_check_scope": {
      "bound vessel length survives representation": {
        "match": 30
      },
      "selected object retained": {
        "match": 30
      },
      "sheet vessel available in action binding": {
        "match": 30
      }
    }
  }
}
