2026-09-07T15:04:17.390904+00:00 separating: settled reading
2026-09-07T15:07:51.764607+00:00 separating: fitting
2026-09-07T15:20:34.703658+00:00 separating: scoring and visible binding checks
{
  "development": {
    "target_clicks": 37,
    "failed_attempts": 0,
    "recognition_mismatches": 0,
    "visible_check_ledger": {
      "match": 111
    },
    "visible_check_scope": {
      "owner length survives representation": {
        "match": 37
      },
      "selected object retained": {
        "match": 37
      },
      "sheet vessel is action owner": {
        "match": 37
      }
    },
    "version_space_ledger": {},
    "decision_list_ledger": {}
  },
  "holdout": {
    "target_clicks": 30,
    "failed_attempts": 0,
    "recognition_mismatches": 0,
    "visible_check_ledger": {
      "match": 90
    },
    "visible_check_scope": {
      "owner length survives representation": {
        "match": 30
      },
      "selected object retained": {
        "match": 30
      },
      "sheet vessel is action owner": {
        "match": 30
      }
    },
    "version_space_ledger": {
      "one outcome was admissible and it happened": 15,
      "several outcomes remained admissible; the one that happened was among them": 15
    },
    "decision_list_ledger": {
      "the event the interface returned": 26,
      "no determinate answer": 2,
      "a different event": 2
    }
  }
}
