{"job_id": "job_5a5d178dc8ec4d0aa715e5fc7022c863", "status": "RUNNING", "events": 0}
{"job_id": "job_5a5d178dc8ec4d0aa715e5fc7022c863", "status": "RUNNING", "events": 1}
{"job_id": "job_5a5d178dc8ec4d0aa715e5fc7022c863", "status": "COMPLETED", "events": 2}
{"job_id": "job_0a12843c4822410691f1463937e0c118", "status": "RUNNING", "events": 0}
{"job_id": "job_0a12843c4822410691f1463937e0c118", "status": "RUNNING", "events": 2}
{"job_id": "job_0a12843c4822410691f1463937e0c118", "status": "RUNNING", "events": 3}
{"job_id": "job_0a12843c4822410691f1463937e0c118", "status": "RUNNING", "events": 5}
{"job_id": "job_0a12843c4822410691f1463937e0c118", "status": "RUNNING", "events": 6}
{"job_id": "job_0a12843c4822410691f1463937e0c118", "status": "RUNNING", "events": 7}
{"job_id": "job_0a12843c4822410691f1463937e0c118", "status": "RUNNING", "events": 9}
{"job_id": "job_0a12843c4822410691f1463937e0c118", "status": "RUNNING", "events": 11}
{"job_id": "job_0a12843c4822410691f1463937e0c118", "status": "RUNNING", "events": 14}
{"job_id": "job_0a12843c4822410691f1463937e0c118", "status": "RUNNING", "events": 16}
{"job_id": "job_0a12843c4822410691f1463937e0c118", "status": "RUNNING", "events": 17}
{"job_id": "job_0a12843c4822410691f1463937e0c118", "status": "RUNNING", "events": 18}
{"job_id": "job_0a12843c4822410691f1463937e0c118", "status": "RUNNING", "events": 19}
{"job_id": "job_0a12843c4822410691f1463937e0c118", "status": "RUNNING", "events": 21}
{"job_id": "job_0a12843c4822410691f1463937e0c118", "status": "RUNNING", "events": 22}
{"job_id": "job_0a12843c4822410691f1463937e0c118", "status": "RUNNING", "events": 23}
{"job_id": "job_0a12843c4822410691f1463937e0c118", "status": "RUNNING", "events": 26}
{"job_id": "job_0a12843c4822410691f1463937e0c118", "status": "RUNNING", "events": 27}
{"job_id": "job_0a12843c4822410691f1463937e0c118", "status": "RUNNING", "events": 28}
{"job_id": "job_0a12843c4822410691f1463937e0c118", "status": "RUNNING", "events": 30}
{"job_id": "job_0a12843c4822410691f1463937e0c118", "status": "RUNNING", "events": 32}
{"job_id": "job_0a12843c4822410691f1463937e0c118", "status": "RUNNING", "events": 33}
{"job_id": "job_0a12843c4822410691f1463937e0c118", "status": "RUNNING", "events": 34}
{"job_id": "job_0a12843c4822410691f1463937e0c118", "status": "RUNNING", "events": 36}
{"job_id": "job_0a12843c4822410691f1463937e0c118", "status": "RUNNING", "events": 39}
{"job_id": "job_0a12843c4822410691f1463937e0c118", "status": "RUNNING", "events": 41}
{"job_id": "job_0a12843c4822410691f1463937e0c118", "status": "RUNNING", "events": 43}
{"job_id": "job_0a12843c4822410691f1463937e0c118", "status": "RUNNING", "events": 44}
{"job_id": "job_0a12843c4822410691f1463937e0c118", "status": "RUNNING", "events": 45}
{"job_id": "job_0a12843c4822410691f1463937e0c118", "status": "RUNNING", "events": 46}
{"job_id": "job_0a12843c4822410691f1463937e0c118", "status": "RUNNING", "events": 48}
{"job_id": "job_0a12843c4822410691f1463937e0c118", "status": "RUNNING", "events": 51}
{"job_id": "job_0a12843c4822410691f1463937e0c118", "status": "RUNNING", "events": 53}
{"job_id": "job_0a12843c4822410691f1463937e0c118", "status": "RUNNING", "events": 55}
{"job_id": "job_0a12843c4822410691f1463937e0c118", "status": "RUNNING", "events": 57}
{"job_id": "job_0a12843c4822410691f1463937e0c118", "status": "RUNNING", "events": 59}
{"job_id": "job_0a12843c4822410691f1463937e0c118", "status": "RUNNING", "events": 61}
{"job_id": "job_0a12843c4822410691f1463937e0c118", "status": "RUNNING", "events": 64}
{"job_id": "job_0a12843c4822410691f1463937e0c118", "status": "RUNNING", "events": 66}
{"job_id": "job_0a12843c4822410691f1463937e0c118", "status": "RUNNING", "events": 67}
{"job_id": "job_0a12843c4822410691f1463937e0c118", "status": "RUNNING", "events": 68}
{"job_id": "job_0a12843c4822410691f1463937e0c118", "status": "RUNNING", "events": 70}
{"job_id": "job_0a12843c4822410691f1463937e0c118", "status": "RUNNING", "events": 72}
{"job_id": "job_0a12843c4822410691f1463937e0c118", "status": "RUNNING", "events": 74}
{"job_id": "job_0a12843c4822410691f1463937e0c118", "status": "RUNNING", "events": 75}
{"job_id": "job_0a12843c4822410691f1463937e0c118", "status": "RUNNING", "events": 77}
{"job_id": "job_0a12843c4822410691f1463937e0c118", "status": "RUNNING", "events": 78}
{"job_id": "job_0a12843c4822410691f1463937e0c118", "status": "RUNNING", "events": 80}
{"job_id": "job_0a12843c4822410691f1463937e0c118", "status": "RUNNING", "events": 82}
{"job_id": "job_0a12843c4822410691f1463937e0c118", "status": "RUNNING", "events": 85}
{"job_id": "job_0a12843c4822410691f1463937e0c118", "status": "RUNNING", "events": 87}
{"job_id": "job_0a12843c4822410691f1463937e0c118", "status": "RUNNING", "events": 89}
{"job_id": "job_0a12843c4822410691f1463937e0c118", "status": "RUNNING", "events": 91}
{"job_id": "job_0a12843c4822410691f1463937e0c118", "status": "RUNNING", "events": 93}
{"job_id": "job_0a12843c4822410691f1463937e0c118", "status": "RUNNING", "events": 95}
{"job_id": "job_0a12843c4822410691f1463937e0c118", "status": "RUNNING", "events": 96}
{"job_id": "job_0a12843c4822410691f1463937e0c118", "status": "RUNNING", "events": 98}
{"job_id": "job_0a12843c4822410691f1463937e0c118", "status": "COMPLETED", "events": 101}
{
  "operations": [
    {
      "id": "op_562fcb42c95d9c59eba3",
      "version": 2,
      "name": "save_record",
      "kind": "create_visible_record",
      "argument_schema": {
        "additionalProperties": false,
        "properties": {
          "value": {
            "description": "Visible editor value",
            "minLength": 1,
            "type": "string"
          }
        },
        "required": [
          "value"
        ],
        "type": "object"
      }
    },
    {
      "id": "op_7f641de8dbf9e29226fb",
      "version": 1,
      "name": "read_record",
      "kind": "read_visible_record",
      "argument_schema": {
        "additionalProperties": false,
        "properties": {
          "target": {
            "description": "Exact current local anchor: Visible editor value",
            "minLength": 1,
            "type": "string"
          }
        },
        "required": [
          "target"
        ],
        "type": "object"
      }
    },
    {
      "id": "op_d245e3cc03c44e6800cd",
      "version": 1,
      "name": "update_record",
      "kind": "update_visible_record",
      "argument_schema": {
        "additionalProperties": false,
        "properties": {
          "target": {
            "description": "Exact current local anchor: Visible editor value",
            "minLength": 1,
            "type": "string"
          },
          "value": {
            "description": "Visible editor value",
            "minLength": 1,
            "type": "string"
          }
        },
        "required": [
          "target",
          "value"
        ],
        "type": "object"
      }
    }
  ]
}
Schema discovery complete; no invocation submitted.
