{"job_id": "job_2ecc296586c441af892d7c12a3c8637e", "status": "RUNNING", "events": 0}
{"job_id": "job_2ecc296586c441af892d7c12a3c8637e", "status": "RUNNING", "events": 1}
{"job_id": "job_2ecc296586c441af892d7c12a3c8637e", "status": "COMPLETED", "events": 2}
{
  "operations": [
    {
      "id": "op_562fcb42c95d9c59eba3",
      "version": 2,
      "name": "save_record",
      "kind": "create_visible_record",
      "argument_schema": {
        "additionalProperties": false,
        "properties": {
          "value": {
            "description": "Visible editor value",
            "minLength": 1,
            "type": "string"
          }
        },
        "required": [
          "value"
        ],
        "type": "object"
      }
    },
    {
      "id": "op_7f641de8dbf9e29226fb",
      "version": 1,
      "name": "read_record",
      "kind": "read_visible_record",
      "argument_schema": {
        "additionalProperties": false,
        "properties": {
          "target": {
            "description": "Exact current local anchor: Visible editor value",
            "minLength": 1,
            "type": "string"
          }
        },
        "required": [
          "target"
        ],
        "type": "object"
      }
    },
    {
      "id": "op_d245e3cc03c44e6800cd",
      "version": 1,
      "name": "update_record",
      "kind": "update_visible_record",
      "argument_schema": {
        "additionalProperties": false,
        "properties": {
          "target": {
            "description": "Exact current local anchor: Visible editor value",
            "minLength": 1,
            "type": "string"
          },
          "value": {
            "description": "Visible editor value",
            "minLength": 1,
            "type": "string"
          }
        },
        "required": [
          "target",
          "value"
        ],
        "type": "object"
      }
    }
  ]
}
{"execution_id": "job_c4b211e55d454fde88c548be4db711ac", "idempotency_key": "f3db8b75a9e0b274bfa28824fc4c1d58"}
{"job_id": "job_c4b211e55d454fde88c548be4db711ac", "status": "RUNNING", "events": 0}
{"job_id": "job_c4b211e55d454fde88c548be4db711ac", "status": "RUNNING", "events": 1}
{"job_id": "job_c4b211e55d454fde88c548be4db711ac", "status": "RUNNING", "events": 2}
{"job_id": "job_c4b211e55d454fde88c548be4db711ac", "status": "RUNNING", "events": 4}
{"job_id": "job_c4b211e55d454fde88c548be4db711ac", "status": "RUNNING", "events": 6}
{"job_id": "job_c4b211e55d454fde88c548be4db711ac", "status": "RUNNING", "events": 9}
{"job_id": "job_c4b211e55d454fde88c548be4db711ac", "status": "RUNNING", "events": 11}
{"job_id": "job_c4b211e55d454fde88c548be4db711ac", "status": "RUNNING", "events": 13}
{"job_id": "job_c4b211e55d454fde88c548be4db711ac", "status": "COMPLETED", "events": 15}
{
  "connection_id": "conn_0e51f4498eb547f6ac639acc96f8bab1",
  "created_at": "2026-09-09T18:43:38.622772+00:00",
  "events": [
    {
      "created_at": "2026-09-09T18:43:38.633066+00:00",
      "kind": "invoke",
      "sequence": 1,
      "type": "job_started"
    },
    {
      "created_at": "2026-09-09T18:43:38.944561+00:00",
      "sequence": 2,
      "settled": true,
      "signature": "f451eb9728e665e3",
      "type": "observation"
    },
    {
      "created_at": "2026-09-09T18:43:39.287069+00:00",
      "sequence": 3,
      "settled": true,
      "signature": "f451eb9728e665e3",
      "type": "observation"
    },
    {
      "created_at": "2026-09-09T18:43:39.302032+00:00",
      "sequence": 4,
      "type": "navigation",
      "url": "http://127.0.0.1:8852/"
    },
    {
      "created_at": "2026-09-09T18:43:40.428472+00:00",
      "sequence": 5,
      "settled": true,
      "signature": "7c679db56a5c59a8",
      "type": "observation"
    },
    {
      "action": {
        "kind": "click",
        "target": 287
      },
      "created_at": "2026-09-09T18:43:40.456080+00:00",
      "sequence": 6,
      "type": "write_intent"
    },
    {
      "created_at": "2026-09-09T18:43:40.983868+00:00",
      "sequence": 7,
      "settled": true,
      "signature": "2ecb314d11fe05d1",
      "type": "observation"
    },
    {
      "action": "click",
      "created_at": "2026-09-09T18:43:40.992567+00:00",
      "ok": true,
      "sequence": 8,
      "type": "action_result"
    },
    {
      "action": {
        "kind": "click",
        "target": 457
      },
      "created_at": "2026-09-09T18:43:41.000524+00:00",
      "sequence": 9,
      "type": "write_intent"
    },
    {
      "created_at": "2026-09-09T18:43:41.495779+00:00",
      "sequence": 10,
      "settled": true,
      "signature": "35431b50b9437023",
      "type": "observation"
    },
    {
      "action": "click",
      "created_at": "2026-09-09T18:43:41.504135+00:00",
      "ok": true,
      "sequence": 11,
      "type": "action_result"
    },
    {
      "created_at": "2026-09-09T18:43:41.830612+00:00",
      "sequence": 12,
      "settled": true,
      "signature": "35431b50b9437023",
      "type": "observation"
    },
    {
      "created_at": "2026-09-09T18:43:41.858810+00:00",
      "sequence": 13,
      "type": "navigation",
      "url": "http://127.0.0.1:8852/"
    },
    {
      "created_at": "2026-09-09T18:43:42.949881+00:00",
      "sequence": 14,
      "settled": true,
      "signature": "7c679db56a5c59a8",
      "type": "observation"
    },
    {
      "created_at": "2026-09-09T18:43:42.960268+00:00",
      "outcome": "CONFIRMED",
      "sequence": 15,
      "status": "COMPLETED",
      "type": "job_finished"
    }
  ],
  "id": "job_c4b211e55d454fde88c548be4db711ac",
  "job_id": "job_c4b211e55d454fde88c548be4db711ac",
  "kind": "invoke",
  "request": {
    "arguments": {
      "target": "Existing memo updated through a learned HTTP operation 20260909"
    },
    "limits": {
      "max_actions": 17,
      "max_seconds": 50.0,
      "max_writes": 9
    },
    "operation_id": "op_7f641de8dbf9e29226fb",
    "version": 1
  },
  "result": {
    "effect": {
      "field_descriptors": {
        "value": {
          "input_type": "contenteditable",
          "label": "",
          "role": "textbox"
        }
      },
      "kind": "visible_record_read",
      "scope": "Current descriptor-bound edit-form values for one exact local anchor in the rendered view",
      "values": {
        "value": "Existing memo updated through a learned HTTP operation 20260909"
      },
      "witness": {
        "basis": "visible_local_record",
        "link_destinations": [],
        "observation": "7c679db56a5c59a8",
        "role": "article",
        "root": 281,
        "texts": [
          "Existing memo updated through a learned HTTP operation 20260909"
        ],
        "value_node": 297
      }
    },
    "metrics": {
      "actions": 4,
      "elapsed_seconds": 4.325,
      "model_calls": 0,
      "paid_cost": 0,
      "possible_write_actions": 2
    },
    "outcome": "CONFIRMED"
  },
  "status": "COMPLETED",
  "updated_at": "2026-09-09T18:43:42.960329+00:00",
  "write_intent": true
}
