2026-09-07T17:25:12.298732+00:00 separating_extended: settled reading
2026-09-07T17:29:16.438024+00:00 separating_extended: fitting
2026-09-07T17:51:19.809678+00:00 separating_extended: scoring and visible binding checks
{
  "development": {
    "target_clicks": 69,
    "failed_attempts": 0,
    "recognition_mismatches": 0,
    "visible_check_ledger": {
      "match": 207
    },
    "visible_check_scope": {
      "bound vessel length survives representation": {
        "match": 69
      },
      "selected object retained": {
        "match": 69
      },
      "sheet vessel available in action binding": {
        "match": 69
      }
    },
    "version_space_ledger": {},
    "decision_list_ledger": {}
  },
  "holdout": {
    "target_clicks": 30,
    "failed_attempts": 0,
    "recognition_mismatches": 0,
    "visible_check_ledger": {
      "match": 90
    },
    "visible_check_scope": {
      "bound vessel length survives representation": {
        "match": 30
      },
      "selected object retained": {
        "match": 30
      },
      "sheet vessel available in action binding": {
        "match": 30
      }
    },
    "version_space_ledger": {
      "one outcome was admissible and it happened": 15,
      "several outcomes remained admissible; the one that happened was among them": 15
    },
    "decision_list_ledger": {
      "the event the interface returned": 26,
      "no determinate answer": 3,
      "a different event": 1
    }
  }
}
