{"job_id": "job_4c8b53ae11214881b59365b2006fb86c", "status": "RUNNING", "events": 0}
{"job_id": "job_4c8b53ae11214881b59365b2006fb86c", "status": "RUNNING", "events": 1}
{"job_id": "job_4c8b53ae11214881b59365b2006fb86c", "status": "COMPLETED", "events": 2}
{"job_id": "job_94d62b70bc9d4ad2a3cd40b9621155c9", "status": "RUNNING", "events": 1}
{"job_id": "job_94d62b70bc9d4ad2a3cd40b9621155c9", "status": "RUNNING", "events": 4}
{"job_id": "job_94d62b70bc9d4ad2a3cd40b9621155c9", "status": "RUNNING", "events": 5}
{"job_id": "job_94d62b70bc9d4ad2a3cd40b9621155c9", "status": "RUNNING", "events": 7}
{"job_id": "job_94d62b70bc9d4ad2a3cd40b9621155c9", "status": "RUNNING", "events": 8}
{"job_id": "job_94d62b70bc9d4ad2a3cd40b9621155c9", "status": "RUNNING", "events": 10}
{"job_id": "job_94d62b70bc9d4ad2a3cd40b9621155c9", "status": "RUNNING", "events": 11}
{"job_id": "job_94d62b70bc9d4ad2a3cd40b9621155c9", "status": "RUNNING", "events": 13}
{"job_id": "job_94d62b70bc9d4ad2a3cd40b9621155c9", "status": "RUNNING", "events": 15}
{"job_id": "job_94d62b70bc9d4ad2a3cd40b9621155c9", "status": "RUNNING", "events": 18}
{"job_id": "job_94d62b70bc9d4ad2a3cd40b9621155c9", "status": "RUNNING", "events": 20}
{"job_id": "job_94d62b70bc9d4ad2a3cd40b9621155c9", "status": "RUNNING", "events": 22}
{"job_id": "job_94d62b70bc9d4ad2a3cd40b9621155c9", "status": "RUNNING", "events": 25}
{"job_id": "job_94d62b70bc9d4ad2a3cd40b9621155c9", "status": "RUNNING", "events": 28}
{"job_id": "job_94d62b70bc9d4ad2a3cd40b9621155c9", "status": "RUNNING", "events": 31}
{"job_id": "job_94d62b70bc9d4ad2a3cd40b9621155c9", "status": "RUNNING", "events": 34}
{"job_id": "job_94d62b70bc9d4ad2a3cd40b9621155c9", "status": "RUNNING", "events": 37}
{"job_id": "job_94d62b70bc9d4ad2a3cd40b9621155c9", "status": "RUNNING", "events": 39}
{"job_id": "job_94d62b70bc9d4ad2a3cd40b9621155c9", "status": "RUNNING", "events": 41}
{"job_id": "job_94d62b70bc9d4ad2a3cd40b9621155c9", "status": "RUNNING", "events": 42}
{"job_id": "job_94d62b70bc9d4ad2a3cd40b9621155c9", "status": "RUNNING", "events": 44}
{"job_id": "job_94d62b70bc9d4ad2a3cd40b9621155c9", "status": "RUNNING", "events": 46}
{"job_id": "job_94d62b70bc9d4ad2a3cd40b9621155c9", "status": "RUNNING", "events": 49}
{"job_id": "job_94d62b70bc9d4ad2a3cd40b9621155c9", "status": "RUNNING", "events": 52}
{"job_id": "job_94d62b70bc9d4ad2a3cd40b9621155c9", "status": "RUNNING", "events": 55}
{"job_id": "job_94d62b70bc9d4ad2a3cd40b9621155c9", "status": "RUNNING", "events": 58}
{"job_id": "job_94d62b70bc9d4ad2a3cd40b9621155c9", "status": "RUNNING", "events": 61}
{"job_id": "job_94d62b70bc9d4ad2a3cd40b9621155c9", "status": "RUNNING", "events": 63}
{"job_id": "job_94d62b70bc9d4ad2a3cd40b9621155c9", "status": "RUNNING", "events": 65}
{"job_id": "job_94d62b70bc9d4ad2a3cd40b9621155c9", "status": "RUNNING", "events": 66}
{"job_id": "job_94d62b70bc9d4ad2a3cd40b9621155c9", "status": "RUNNING", "events": 67}
{"job_id": "job_94d62b70bc9d4ad2a3cd40b9621155c9", "status": "RUNNING", "events": 69}
{"job_id": "job_94d62b70bc9d4ad2a3cd40b9621155c9", "status": "RUNNING", "events": 70}
{"job_id": "job_94d62b70bc9d4ad2a3cd40b9621155c9", "status": "RUNNING", "events": 71}
{"job_id": "job_94d62b70bc9d4ad2a3cd40b9621155c9", "status": "RUNNING", "events": 73}
{"job_id": "job_94d62b70bc9d4ad2a3cd40b9621155c9", "status": "RUNNING", "events": 75}
{"job_id": "job_94d62b70bc9d4ad2a3cd40b9621155c9", "status": "RUNNING", "events": 76}
{"job_id": "job_94d62b70bc9d4ad2a3cd40b9621155c9", "status": "RUNNING", "events": 78}
{"job_id": "job_94d62b70bc9d4ad2a3cd40b9621155c9", "status": "RUNNING", "events": 80}
{"job_id": "job_94d62b70bc9d4ad2a3cd40b9621155c9", "status": "RUNNING", "events": 82}
{"job_id": "job_94d62b70bc9d4ad2a3cd40b9621155c9", "status": "RUNNING", "events": 84}
{"job_id": "job_94d62b70bc9d4ad2a3cd40b9621155c9", "status": "RUNNING", "events": 86}
{"job_id": "job_94d62b70bc9d4ad2a3cd40b9621155c9", "status": "RUNNING", "events": 88}
{"job_id": "job_94d62b70bc9d4ad2a3cd40b9621155c9", "status": "RUNNING", "events": 89}
{"job_id": "job_94d62b70bc9d4ad2a3cd40b9621155c9", "status": "RUNNING", "events": 90}
{"job_id": "job_94d62b70bc9d4ad2a3cd40b9621155c9", "status": "RUNNING", "events": 92}
{"job_id": "job_94d62b70bc9d4ad2a3cd40b9621155c9", "status": "RUNNING", "events": 94}
{"job_id": "job_94d62b70bc9d4ad2a3cd40b9621155c9", "status": "RUNNING", "events": 96}
{"job_id": "job_94d62b70bc9d4ad2a3cd40b9621155c9", "status": "RUNNING", "events": 98}
{"job_id": "job_94d62b70bc9d4ad2a3cd40b9621155c9", "status": "RUNNING", "events": 100}
{"job_id": "job_94d62b70bc9d4ad2a3cd40b9621155c9", "status": "RUNNING", "events": 102}
{"job_id": "job_94d62b70bc9d4ad2a3cd40b9621155c9", "status": "RUNNING", "events": 104}
{"job_id": "job_94d62b70bc9d4ad2a3cd40b9621155c9", "status": "RUNNING", "events": 106}
{"job_id": "job_94d62b70bc9d4ad2a3cd40b9621155c9", "status": "RUNNING", "events": 108}
{"job_id": "job_94d62b70bc9d4ad2a3cd40b9621155c9", "status": "RUNNING", "events": 110}
{"job_id": "job_94d62b70bc9d4ad2a3cd40b9621155c9", "status": "RUNNING", "events": 111}
{"job_id": "job_94d62b70bc9d4ad2a3cd40b9621155c9", "status": "RUNNING", "events": 113}
{"job_id": "job_94d62b70bc9d4ad2a3cd40b9621155c9", "status": "RUNNING", "events": 115}
{"job_id": "job_94d62b70bc9d4ad2a3cd40b9621155c9", "status": "RUNNING", "events": 118}
{"job_id": "job_94d62b70bc9d4ad2a3cd40b9621155c9", "status": "RUNNING", "events": 121}
{"job_id": "job_94d62b70bc9d4ad2a3cd40b9621155c9", "status": "RUNNING", "events": 122}
{"job_id": "job_94d62b70bc9d4ad2a3cd40b9621155c9", "status": "RUNNING", "events": 125}
{"job_id": "job_94d62b70bc9d4ad2a3cd40b9621155c9", "status": "RUNNING", "events": 127}
{"job_id": "job_94d62b70bc9d4ad2a3cd40b9621155c9", "status": "RUNNING", "events": 129}
{"job_id": "job_94d62b70bc9d4ad2a3cd40b9621155c9", "status": "RUNNING", "events": 131}
{"job_id": "job_94d62b70bc9d4ad2a3cd40b9621155c9", "status": "RUNNING", "events": 133}
{"job_id": "job_94d62b70bc9d4ad2a3cd40b9621155c9", "status": "RUNNING", "events": 135}
{"job_id": "job_94d62b70bc9d4ad2a3cd40b9621155c9", "status": "COMPLETED", "events": 138}
{
  "operations": [
    {
      "id": "op_1eb02be1584bb7b95076",
      "version": 2,
      "name": "read_record",
      "kind": "read_visible_record",
      "argument_schema": {
        "additionalProperties": false,
        "properties": {
          "target": {
            "description": "Exact current local anchor: URL",
            "format": "uri",
            "format_basis": "visible_label_prior_validated_by_trials",
            "minLength": 1,
            "type": "string"
          }
        },
        "required": [
          "target"
        ],
        "type": "object"
      }
    },
    {
      "id": "op_38448a42c110ce54c36e",
      "version": 2,
      "name": "save_record",
      "kind": "create_visible_record",
      "argument_schema": {
        "additionalProperties": false,
        "properties": {
          "description": {
            "description": "Description",
            "minLength": 1,
            "type": "string"
          },
          "tags": {
            "description": "Tags",
            "minLength": 1,
            "type": "string"
          },
          "title": {
            "description": "Title",
            "maxLength": 512,
            "minLength": 1,
            "type": "string"
          },
          "url": {
            "description": "URL",
            "format": "uri",
            "format_basis": "visible_label_prior_validated_by_trials",
            "minLength": 1,
            "type": "string"
          }
        },
        "required": [
          "url",
          "tags",
          "title",
          "description"
        ],
        "type": "object"
      }
    },
    {
      "id": "op_49b6746003059735c383",
      "version": 2,
      "name": "update_record",
      "kind": "update_visible_record",
      "argument_schema": {
        "additionalProperties": false,
        "properties": {
          "description": {
            "description": "Description",
            "minLength": 1,
            "type": "string"
          },
          "tags": {
            "description": "Tags",
            "minLength": 1,
            "type": "string"
          },
          "target": {
            "description": "Exact current local anchor: URL",
            "format": "uri",
            "format_basis": "visible_label_prior_validated_by_trials",
            "minLength": 1,
            "type": "string"
          },
          "title": {
            "description": "Title",
            "maxLength": 512,
            "minLength": 1,
            "type": "string"
          }
        },
        "required": [
          "target",
          "tags",
          "title",
          "description"
        ],
        "type": "object"
      }
    }
  ]
}
Schema discovery complete; no invocation submitted.
